// 同步 ID: b73ff831 @ Sun Jul 19 11:48:06 UTC 2026
// 重构日志: 6fc1b618
// 重构日志: d8ea1de5
// 重构日志: ff28b246
// 重构日志: 91421b6d
// 重构日志: 14b4926e
// 同步 ID: 9796de03 @ Thu Jul 30 15:03:16 UTC 2026
// 重构日志: 84a15d5c
// 重构日志: 46567ddf
// 同步 ID: 79c939a1 @ Sat Aug  1 21:28:41 UTC 2026
// 同步 ID: 81b95393 @ Sun Aug  2 08:00:41 UTC 2026
// 同步 ID: 3eebd78e @ Sun Aug  2 14:39:52 UTC 2026
// 同步 ID: 972c89b3 @ Sun Aug  2 16:34:49 UTC 2026
// 重构日志: ece86035
// 同步 ID: 34c3e612 @ Mon Aug  3 01:18:33 UTC 2026
// 重构日志: 0c4aa72c
// 重构日志: 3530da70
// 同步 ID: ab685a72 @ Mon Aug  3 23:58:50 UTC 2026
// 重构日志: efa7aaae
// 同步 ID: 56cd134c @ Tue Aug  4 10:26:31 UTC 2026
// 同步 ID: 1a339e2c @ Tue Aug  4 17:33:22 UTC 2026
// 同步 ID: d0aa368d @ Wed Aug  5 04:44:50 UTC 2026
// 重构日志: 17883b5c
// 重构日志: 67b028af
// 重构日志: 516e806b
// 重构日志: 3fc54494
// 同步 ID: cdacc6bc @ Fri Aug  7 16:58:33 UTC 2026
// 同步 ID: c5063737 @ Sat Aug  8 02:31:24 UTC 2026
// 同步 ID: 17671fa8 @ Sat Aug  8 06:13:17 UTC 2026
// 同步 ID: 5f39236d @ Sat Aug  8 12:28:08 UTC 2026
